<html>
<body>
<pre>
<h1>µVision Build Log</h1>
<h2>Project:</h2>
C:\Users\Administrator\Desktop\poolSampler\MDK-ARM\poolSampler.uvproj
Project File Date:  01/02/2018

<h2>Output:</h2>
Build target 'poolSampler'
compiling ad7792.c...
linking...
Program Size: Code=4224 RO-data=352 RW-data=8 ZI-data=1096  
"poolSampler\poolSampler.axf" - 0 Error(s), 0 Warning(s).
</pre>
</body>
</html>
tm32f1xx_hal_flash_ex.c...
compiling stm32f1xx_hal_adc.c...
compiling stm32f1xx_hal_dac_ex.c...
compiling stm32f1xx_hal_tim_ex.c...
compiling stm32f1xx_hal_gpio.c...
compiling stm32f1xx_hal_pwr.c...
compiling stm32f1xx_hal_dma.c...
compiling stm32f1xx_hal_adc_ex.c...
compiling stm32f1xx_hal_cortex.c...
compiling stm32f1xx_hal_gpio_ex.c...
compiling stm32f1xx_hal_tim.c...
compiling dac.c...
compiling main.c...
compiling adc.c...
compiling stm32f1xx_hal_msp.c...
compiling stm32f1xx_it.c...
compiling gpio.c...
compiling ad7792.c...
compiling system_stm32f1xx.c...
linking...
Program Size: Code=4224 RO-data=352 RW-data=8 ZI-data=1096  
"poolSampler\poolSampler.axf" - 0 Error(s), 0 Warning(s).
